<html>
<body>
<pre>
<h1>礦ision Build Log</h1>
<h2>Tool Versions:</h2>
IDE-Version: μVision V5.29.0.0
Copyright (C) 2019 ARM Ltd and ARM Germany GmbH. All rights reserved.
License Information: 1 锟轿斤拷锟斤拷, 1, LIC=FYKY8-3K5S6-121LE-5B6GQ-7JGCC-YH6J4
 
Tool Versions:
Toolchain:       MDK-ARM Plus  Version: 5.29.0.0
Toolchain Path:  C:\Software\MDK5\ARM\ARMCC\Bin
C Compiler:      Armcc.exe V5.06 update 6 (build 750)
Assembler:       Armasm.exe V5.06 update 6 (build 750)
Linker/Locator:  ArmLink.exe V5.06 update 6 (build 750)
Library Manager: ArmAr.exe V5.06 update 6 (build 750)
Hex Converter:   FromElf.exe V5.06 update 6 (build 750)
CPU DLL:         SARMCM3.DLL V5.29.0.0
Dialog DLL:      DARMSTM.DLL V1.68.0.0
Target DLL:      STLink\ST-LINKIII-KEIL_SWO.dll V3.0.7.0
Dialog DLL:      TARMSTM.DLL V1.66.0.0
 
<h2>Project:</h2>
D:\Projects\ROS以及小车机器人资料\STM32小车大功率底盘附送资料\MiniBalanceV5.0大功率版底盘电机附送资料\平衡小车原创资料\4.WHEELTEC B570 平衡小车STM32源码\3.WHEELTEC B570 平衡小车源码（库函数版）\USER\MiniBalance.uvprojx
Project File Date:  10/06/2021

<h2>Output:</h2>
*** Using Compiler 'V5.06 update 6 (build 750)', folder: 'C:\Software\MDK5\ARM\ARMCC\Bin'
Rebuild target 'MiniBalance'
assembling startup_stm32f10x_md.s...
compiling core_cm3.c...
compiling stm32f10x_it.c...
compiling stm32f10x_cec.c...
compiling stm32f10x_crc.c...
compiling system_stm32f10x.c...
compiling stm32f10x_bkp.c...
compiling misc.c...
compiling stm32f10x_adc.c...
compiling stm32f10x_dbgmcu.c...
compiling stm32f10x_dma.c...
compiling stm32f10x_dac.c...
compiling stm32f10x_exti.c...
compiling stm32f10x_can.c...
compiling stm32f10x_flash.c...
compiling MiniBalance.c...
compiling stm32f10x_fsmc.c...
compiling stm32f10x_gpio.c...
compiling stm32f10x_iwdg.c...
compiling stm32f10x_i2c.c...
compiling stm32f10x_pwr.c...
compiling stm32f10x_rtc.c...
compiling stm32f10x_rcc.c...
compiling stm32f10x_usart.c...
compiling stm32f10x_sdio.c...
compiling stm32f10x_spi.c...
compiling stm32f10x_wwdg.c...
compiling stm32f10x_tim.c...
compiling delay.c...
compiling usart.c...
compiling LED.C...
compiling key.c...
compiling sys.c...
compiling timer.c...
compiling oled.c...
compiling adc.c...
compiling motor.c...
compiling encoder.c...
compiling DataScope_DP.C...
compiling filter.c...
..\MiniBalance\filter\filter.c(33): warning:  #550-D: variable "angle_dot"  was set but never used
  	static float angle_dot;
..\MiniBalance\filter\filter.c(103): warning:  #550-D: variable "angle_dot"  was set but never used
  	static float angle_dot;
..\MiniBalance\filter\filter.c: 2 warnings, 0 errors
compiling IOI2C.c...
compiling usart3.c...
compiling exti.c...
compiling control.c...
compiling show.c...
compiling MPU6050.c...
compiling inv_mpu_dmp_motion_driver.c...
compiling inv_mpu.c...
linking...
Program Size: Code=46926 RO-data=6530 RW-data=480 ZI-data=2960  
FromELF: creating hex file...
"..\OBJ\MiniBalance.axf" - 0 Error(s), 2 Warning(s).

<h2>Software Packages used:</h2>

Package Vendor: ARM
                http://www.keil.com/pack/ARM.CMSIS.5.6.0.pack
                ARM.CMSIS.5.6.0
                CMSIS (Cortex Microcontroller Software Interface Standard)
   * Component: CORE Version: 5.3.0

Package Vendor: Keil
                http://www.keil.com/pack/Keil.STM32F1xx_DFP.2.3.0.pack
                Keil.STM32F1xx_DFP.2.3.0
                STMicroelectronics STM32F1 Series Device Support, Drivers and Examples

<h2>Collection of Component include folders:</h2>
  .\RTE\_MiniBalance
  C:\Software\MDK5\ARM\CMSIS\5.6.0\CMSIS\Core\Include
  C:\Software\MDK5\Keil\STM32F1xx_DFP\2.3.0\Device\Include

<h2>Collection of Component Files used:</h2>

   * Component: ARM::CMSIS:CORE:5.3.0
Build Time Elapsed:  00:00:05
</pre>
</body>
</html>
